src/components/common/NotificationCenter.tsx(8,22): error TS2339: Property 'map' does not exist on type '{ notifications: any[]; }'.
src/components/common/NotificationCenter.tsx(8,27): error TS7006: Parameter 'n' implicitly has an 'any' type.
src/components/common/NotificationCenter.tsx(8,30): error TS7006: Parameter 'i' implicitly has an 'any' type.
src/components/common/TenantSwitcher.tsx(6,31): error TS2339: Property 'tenantId' does not exist on type 'AuthUser'.
src/pages/Applications/StudentApplications.tsx(34,33): error TS18046: 'response.data' is of type 'unknown'.
src/pages/Arena/ArenaHub.tsx(495,22): error TS7006: Parameter 'c' implicitly has an 'any' type.
src/pages/Profile/AdminProfile.tsx(95,106): error TS2552: Cannot find name 'Users'. Did you mean 'user'?
