src/pages/Applications/ApplicationTracker.tsx(51,26): error TS18046: 'response.data' is of type 'unknown'.
src/pages/Applications/StudentApplications.tsx(34,33): error TS18046: 'response.data' is of type 'unknown'.
src/pages/Dashboard/StudentAnalytics.tsx(85,57): error TS2304: Cannot find name 'cn'.
src/pages/Profile/AdminProfile.tsx(95,106): error TS2552: Cannot find name 'Users'. Did you mean 'user'?
src/pages/Settings/StudentSettings.tsx(58,46): error TS2304: Cannot find name 'TrendingUp'.
src/services/api.ts(16,5): error TS18048: 'config.headers' is possibly 'undefined'.
src/services/api.ts(40,17): error TS2339: Property 'token' does not exist on type 'unknown'.
